08-02 00:04:22.494   695   695 D TelephonyRegistry: listen oscl: mHasNotifySubscriptionInfoChangedOccurred==false no callback
08-02 00:04:25.534   695  1840 D TelephonyRegistry: listen oscl: mHasNotifySubscriptionInfoChangedOccurred==false no callback
08-02 00:04:27.476   695  1857 D TelephonyRegistry: listen oscl: mHasNotifySubscriptionInfoChangedOccurred==false no callback
08-02 00:04:27.532   695  1841 D TelephonyRegistry: listen oscl: mHasNotifySubscriptionInfoChangedOccurred==false no callback
08-02 00:04:27.647   695   762 D TelephonyRegistry: listen oscl: mHasNotifySubscriptionInfoChangedOccurred==false no callback
08-02 00:04:27.663   695   695 D TelephonyRegistry: listen oscl: mHasNotifySubscriptionInfoChangedOccurred==false no callback
08-02 00:04:27.730   695   695 D TelephonyRegistry: systemRunning register for intents
08-02 00:04:27.986   695   725 D TelephonyRegistry: listen oscl: mHasNotifySubscriptionInfoChangedOccurred==false no callback
08-02 00:04:28.162  2109  2109 W CarrierConfigManager: Error getting config for subId -1 ICarrierConfigLoader is null
08-02 00:04:29.498   695   712 D TelephonyRegistry: listen oscl: mHasNotifySubscriptionInfoChangedOccurred==false no callback
08-02 00:04:29.608   695   695 W CarrierConfigManager: Error getting config for subId -1 ICarrierConfigLoader is null
08-02 00:04:29.609  1937  1937 W CarrierConfigManager: Error getting config for subId -1 ICarrierConfigLoader is null
08-02 00:04:29.616   695   695 D TelephonyRegistry: notifyCellLocationForSubscriber: subId=2147483647 cellIdentity=null
08-02 00:04:29.651   695   762 D TelephonyRegistry: listen oscl: mHasNotifySubscriptionInfoChangedOccurred==false no callback
08-02 00:04:29.881  2202  2202 D TelephonyComponentFactory: validated paths: null
08-02 00:04:29.881  2202  2202 D TelephonyComponentFactory: Total components injected: 0
08-02 00:04:29.882  2202  2202 D TDC     : updateOrInsert: inserting: Modem { uuid=a-real-modem-i-promise, state=0, rilModel=0, rat={0, 1, 2}, maxActiveVoiceCall=0, maxActiveDataCall=1, maxStandby=1 }
08-02 00:04:29.883  2202  2202 D TDC     : updateOrInsert: inserting: Sim { uuid=totally-a-real-sim-card, modemUuid=a-real-modem-i-promise, state=0 }
08-02 00:04:29.887  2202  2202 D PersistAtomsStorage: PersistAtoms file not found
08-02 00:04:29.892  2202  2202 D PersistAtomsStorage: created new PersistAtoms
08-02 00:04:29.920  2202  2202 D MetricsCollector: registered
08-02 00:04:29.926  2202  2202 D CdmaSSM : subscriptionSource from settings: 0
08-02 00:04:29.926  2202  2202 I PhoneFactory: Cdma Subscription set to 0
08-02 00:04:29.927  2202  2202 I PhoneFactory: Network Mode set to 0
08-02 00:04:29.928  2202  2202 D RILJ    : RIL: init allowedNetworkTypes=50055 cdmaSubscription=0) [PHONEnull]
08-02 00:04:29.958  2202  2202 D RadioModemProxy: AIDL initialized
08-02 00:04:29.964  2202  2236 D RILJ    : [UNSL]< UNSOL_RIL_CONNECTED [PHONE0]
08-02 00:04:29.965  2202  2202 D RILJ    : [0000]> GET_HARDWARE_CONFIG [PHONE0]
08-02 00:04:29.967  2202  2202 D RadioDataProxy: AIDL initialized
08-02 00:04:29.970  2202  2202 D RadioMessagingProxy: AIDL initialized
08-02 00:04:29.971  2202  2236 D RILJ    : [0001]> RADIO_POWER on = false forEmergencyCall= false preferredForEmergencyCall=false [PHONE0]
08-02 00:04:29.973  2202  2202 D RadioNetworkProxy: AIDL initialized
08-02 00:04:29.976  2202  2202 D RadioSimProxy: AIDL initialized
08-02 00:04:29.979  2202  2202 D RadioVoiceProxy: AIDL initialized
08-02 00:04:29.980  2202  2202 D RILJ    : Radio HAL version: 2.0 [PHONE0]
08-02 00:04:29.982  2202  2202 D UiccController: Creating UiccController
08-02 00:04:29.983  2202  2202 D UiccController: config_num_physical_slots = 2
08-02 00:04:29.984  2202  2236 D RILJ    : [0002]> CDMA_SET_SUBSCRIPTION_SOURCE cdmaSubscription = 0 [PHONE0]
08-02 00:04:29.986  2202  2236 D RILJ    : [UNSL]< UNSOL_RESPONSE_RADIO_STATE_CHANGED radioStateChanged: 2 [PHONE0]
08-02 00:04:29.987  2202  2236 D RILJ    : [UNSL]< UNSOL_RESPONSE_RADIO_STATE_CHANGED radioStateChanged: 1 [PHONE0]
08-02 00:04:29.992  2202  2364 D RadioConfig: [0003]> GET_HAL_DEVICE_CAPABILITIES
08-02 00:04:29.993  2202  2364 E RadioInterfaceCapabilityController: getRadioInterfaceCapabilities: Radio Capabilities not loaded in time
08-02 00:04:30.000  2202  2202 D PinStorage: KeyStore: alias PinStorage_longTerm_always_key does not exist - Creating (exp=, auth=false)
08-02 00:04:30.019  2202  2202 D PinStorage: onDeviceReady
08-02 00:04:30.021  2202  2202 D PinStorage: KeyStore: alias PinStorage_shortTerm_key does not exist - Nothing to do
08-02 00:04:30.028  2202  2202 I PhoneFactory: Creating SubscriptionController
08-02 00:04:30.034  2202  2221 D RILJ    : [0002]< CDMA_SET_SUBSCRIPTION_SOURCE  [PHONE0]
08-02 00:04:30.035  2202  2236 D RILJ    : [0000]< GET_HARDWARE_CONFIG  [Modem { uuid=org.linaro.qrild.lm1, state=0, rilModel=0, rat={0, 1, 2}, maxActiveVoiceCall=1, maxActiveDataCall=1, maxStandby=2 }] [Sim { uuid=totally-a-real-sim-card, modemUuid=org.linaro.qrild.lm1, state=0 }]  [PHONE0]
08-02 00:04:30.038  2202  2202 D SubscriptionController: [SubscriptionController] init by Context
08-02 00:04:30.041  2202  2202 I PhoneFactory: Creating Phone with type = 1 phoneId = 0
08-02 00:04:30.042  2202  2202 D TelephonyTester: register for intent action=com.android.internal.telephony.action_detached
08-02 00:04:30.043  2202  2202 D TelephonyTester: register for intent action=com.android.internal.telephony.action_attached
08-02 00:04:30.043  2202  2202 D TelephonyTester: register for intent action=com.android.internal.telephony.TestServiceState
08-02 00:04:30.043  2202  2202 D TelephonyTester: register for intent action=com.android.internal.telephony.TestChangeNumber
08-02 00:04:30.046  2202  2202 D Phone   : mDoesRilSendMultipleCallRing=true
08-02 00:04:30.047  2202  2202 D Phone   : mCallRingDelay=3000
08-02 00:04:30.057  2202  2202 D RILJ    : startLceService: REQUEST_NOT_SUPPORTED
08-02 00:04:30.060  2202  2202 D SmsDispatchersController: SmsDispatchersController created
08-02 00:04:30.064  2202  2202 D SMSDispatcher: SMSDispatcher: ctor mSmsCapable=true format=unknown mSmsSendDisabled=false
08-02 00:04:30.068  2202  2202 D SMSDispatcher: SMSDispatcher: ctor mSmsCapable=true format=3gpp2 mSmsSendDisabled=false
08-02 00:04:30.068  2202  2202 D CdmaSMSDispatcher: CdmaSMSDispatcher created
08-02 00:04:30.084  2202  2202 D GsmInboundSmsHandler: created InboundSmsHandler
08-02 00:04:30.085  2202  2236 D RILJ    : [UNSL]< UNSOL_RESPONSE_RADIO_STATE_CHANGED radioStateChanged: 0 [PHONE0]
08-02 00:04:30.085  2202  2368 D RILUtils: Radio Hal Version = 2.0
08-02 00:04:30.086  2202  2221 D RILJ    : [0001]< RADIO_POWER  [PHONE0]
08-02 00:04:30.086  2202  2368 D RILUtils: CAPABILITY_USES_ALLOWED_NETWORK_TYPES_BITMASK
08-02 00:04:30.086  2202  2368 D RILUtils: CAPABILITY_SIM_PHONEBOOK_IN_MODEM
08-02 00:04:30.091  2202  2364 D RadioInterfaceCapabilityController: setupRadioInterfaceCapabilities: mRadioInterfaceCapabilities now setup
08-02 00:04:30.091  2202  2368 D RadioConfigResponseAidl: [0003]< GET_HAL_DEVICE_CAPABILITIES
08-02 00:04:30.094  2202  2370 D GsmInboundSmsHandler: StartupState.enter: entering StartupState
08-02 00:04:30.103  2202  2202 D CdmaInboundSmsHandler: created InboundSmsHandler
08-02 00:04:30.108  2202  2371 D CdmaInboundSmsHandler: StartupState.enter: entering StartupState
08-02 00:04:30.110  2202  2202 D SMSDispatcher: SMSDispatcher: ctor mSmsCapable=true format=3gpp mSmsSendDisabled=false
08-02 00:04:30.111  2202  2202 D GsmSMSDispatcher: GsmSMSDispatcher created
08-02 00:04:30.113  2202  2370 D GsmInboundSmsHandler: StartupState.processMessage: processing EVENT_START_ACCEPTING_SMS
08-02 00:04:30.113  2202  2371 D CdmaInboundSmsHandler: StartupState.processMessage: processing EVENT_START_ACCEPTING_SMS
08-02 00:04:30.113  2202  2370 D GsmInboundSmsHandler: IdleState.enter: entering IdleState
08-02 00:04:30.113  2202  2371 D CdmaInboundSmsHandler: IdleState.enter: entering IdleState
08-02 00:04:30.114  2202  2370 D GsmInboundSmsHandler: IdleState.processMessage: processing EVENT_RELEASE_WAKELOCK
08-02 00:04:30.114  2202  2371 D CdmaInboundSmsHandler: IdleState.processMessage: processing EVENT_RELEASE_WAKELOCK
08-02 00:04:30.115  2202  2370 D GsmInboundSmsHandler: IdleState.processMessage: EVENT_RELEASE_WAKELOCK: mWakeLock released
08-02 00:04:30.115  2202  2202 D CdmaSSM : subscriptionSource from settings: 0
08-02 00:04:30.115  2202  2202 D CdmaSSM : cdmaSSM constructor: 0
08-02 00:04:30.116  2202  2371 D CdmaInboundSmsHandler: IdleState.processMessage: EVENT_RELEASE_WAKELOCK: mWakeLock released
08-02 00:04:30.119  2202  2202 D GsmCdmaPhone: [0] Precise phone type 1
08-02 00:04:30.120  2202  2202 D RILJ    : setPhoneType=1 old value=0 [PHONE0]
08-02 00:04:30.123  2202  2202 D CarrierActionAgent: [0]Creating CarrierActionAgent
08-02 00:04:30.124  2202  2202 W CarrierConfigManager: Error getting config for subId -1 ICarrierConfigLoader is null
08-02 00:04:30.126  2202  2202 D ANM-0   : operates in AP-assisted mode.
08-02 00:04:30.139  2202  2202 W CarrierConfigManager: Error getting config for subId -1 ICarrierConfigLoader is null
08-02 00:04:30.146  2202  2202 W CarrierConfigManager: Error getting config for subId -1 ICarrierConfigLoader is null
08-02 00:04:30.148   695  1876 D TelephonyRegistry: listen oscl: mHasNotifySubscriptionInfoChangedOccurred==false no callback
08-02 00:04:30.150  2202  2202 D NRM-C-0 : registerForNetworkRegistrationInfoChanged
08-02 00:04:30.152  2202  2202 D NRM-I-0 : registerForNetworkRegistrationInfoChanged
08-02 00:04:30.162  2202  2202 D RILJ    : [0004]> SIGNAL_STRENGTH [PHONE0]
08-02 00:04:30.163  2202  2202 D SST     : [0] notifyVoiceRegStateRilRadioTechnologyChanged: vrs=1 rat=0
08-02 00:04:30.165   695  1876 D TelephonyRegistry: listen oscl: mHasNotifySubscriptionInfoChangedOccurred==false no callback
08-02 00:04:30.168  2202  2202 D Phone   : [0] SubId-1,get allowed network types user: value = GPRS|EDGE|UMTS|HSDPA|HSUPA|HSPA|HSPA+|GSM
08-02 00:04:30.169  2202  2202 W CarrierConfigManager: Error getting config for subId -1 ICarrierConfigLoader is null
08-02 00:04:30.183  2202  2202 D EmergencyNumberTracker:  asset emergency database is loaded. Ver: 1 Phone Id: 0
08-02 00:04:30.184  2202  2202 E EmergencyNumberTracker: Cache ota emergency database IOException: java.io.FileNotFoundException: /data/misc/emergencynumberdb/emergency_number_db: open failed: ENOENT (No such file or directory)
08-02 00:04:30.185  2202  2202 D EmergencyNumberTracker: Using Asset Emergency database. Version: 1
08-02 00:04:30.196  2202  2368 E CellSignalStrengthLte: convertRssiAsuToDBm: invalid RSSI in ASU=-128
08-02 00:04:30.200  2202  2202 D DNC-0   : DataNetworkController created.
08-02 00:04:30.201  2202  2368 D RILJ    : [0004]< SIGNAL_STRENGTH SignalStrength:{mCdma=CellSignalStrengthCdma: cdmaDbm=2147483647 cdmaEcio=2147483647 evdoDbm=2147483647 evdoEcio=2147483647 evdoSnr=2147483647 level=0,mGsm=CellSignalStrengthGsm: rssi=2147483647 ber=2147483647 mTa=2147483647 mLevel=0,mWcdma=CellSignalStrengthWcdma: ss=2147483647 ber=2147483647 rscp=2147483647 ecno=2147483647 level=0,mTdscdma=CellSignalStrengthTdscdma: rssi=2147483647 ber=2147483647 rscp=2147483647 level=0,mLte=CellSignalStrengthLte: rssi=2147483647 rsrp=-65 rsrq=-18 rssnr=1 cqiTableIndex=5 cqi=13 ta=647 level=4 parametersUseForLevel=1,mNr=CellSignalStrengthNr:{ csiRsrp = 2147483647 csiRsrq = 2147483647 csiCqiTableIndex = 2147483647 csiCqiReport = [2147483647] ssRsrp = 2147483647 ssRsrq = 2147483647 ssSinr = 2147483647 level = 0 parametersUseForLevel = 1 },primary=CellSignalStrengthLte} [PHONE0]
08-02 00:04:30.204  2202  2202 W CarrierConfigManager: Error getting config for subId -1 ICarrierConfigLoader is null
08-02 00:04:30.208  2202  2202 W CarrierConfigManager: Error getting config for subId -1 ICarrierConfigLoader is null
08-02 00:04:30.209  2202  2202 W CarrierConfigManager: Error getting config for subId -1 ICarrierConfigLoader is null
08-02 00:04:30.214  2202  2202 W CarrierConfigManager: Error getting config for subId -1 ICarrierConfigLoader is null
08-02 00:04:30.230  2202  2202 W CarrierConfigManager: Error getting config for subId -1 ICarrierConfigLoader is null
08-02 00:04:30.233  2202  2202 W CarrierConfigManager: Error getting config for subId -1 ICarrierConfigLoader is null
08-02 00:04:30.234  2202  2202 W CarrierConfigManager: Error getting config for subId -1 ICarrierConfigLoader is null
08-02 00:04:30.235  2202  2202 E DSM-I-0 : Can't find the binding package
08-02 00:04:30.237  2202  2202 D DCM-0   : DataConfigManager created.
08-02 00:04:30.242  2202  2202 W CarrierConfigManager: Error getting config for subId -1 ICarrierConfigLoader is null
08-02 00:04:30.259  2202  2202 D DCM-0   : Data config updated. Config is not carrier specific.
08-02 00:04:30.265  2202  2202 D DSMGR-0 : DataSettingsManager created.
08-02 00:04:30.274  2202  2202 D SubscriptionController: Valid row not present in db
08-02 00:04:30.275  2202  2202 D SubscriptionController: getSubscriptionProperty Query value = null
08-02 00:04:30.280  2202  2202 D DSRM-0  : DataStallRecoveryManager created.
08-02 00:04:30.284  2202  2202 D CarrierResolver: Creating CarrierResolver[0]
08-02 00:04:30.290  2202  2202 D SST     : [0] notifyVoiceRegStateRilRadioTechnologyChanged: vrs=1 rat=0
08-02 00:04:30.310  2202  2202 I GsmCdmaPhone: [0] updateTtyMode ttyMode=0
08-02 00:04:30.314  2202  2202 D RILJ    : [0005]> SET_TTY_MODE ttyMode = 0 [PHONE0]
08-02 00:04:30.315  2202  2368 D RILJ    : [0005]< SET_TTY_MODE  [PHONE0]
08-02 00:04:30.316  2202  2202 I GsmCdmaPhone: [0] updateUiTtyMode ttyMode=0
08-02 00:04:30.316  2202  2202 D CallManager: registerPhone(GSM Handler (com.android.internal.telephony.GsmCdmaPhone) {90720e9})
08-02 00:04:30.317  2202  2202 D GsmCdmaPhone: [0] GsmCdmaPhone: constructor: sub = 0
08-02 00:04:30.321  2202  2202 I PhoneFactory: defaultSmsApplication: NONE
08-02 00:04:30.324  2202  2202 I PhoneFactory: Creating SubInfoRecordUpdater
08-02 00:04:30.325  2202  2202 D SubscriptionInfoUpdater: Constructor invoked
08-02 00:04:30.339  2202  2202 I PhoneFactory: IMS is not supported on this device, skipping ImsResolver.
08-02 00:04:30.351  2202  2202 W FeatureConnector: [InstanceManager, 0] connect: not supported.
08-02 00:04:30.351  2202  2393 I ImsManagerIM [0]: connectionUnavailable, reason: 2
08-02 00:04:30.354   695  1876 D TelephonyRegistry: listen oscl: mHasNotifySubscriptionInfoChangedOccurred==false no callback
08-02 00:04:30.359  2202  2202 D PhoneSwitcher: PhoneSwitcher started
08-02 00:04:30.360  2202  2202 D ProxyController: Constructor - Enter
08-02 00:04:30.363  2202  2202 D ProxyController: clearTransaction
08-02 00:04:30.364  2202  2202 D ProxyController: clearTransaction: phoneId=0 status=IDLE
08-02 00:04:30.364  2202  2202 D ProxyController: Constructor - Exit
08-02 00:04:30.399   695  1876 D TelephonyRegistry: listen oscl: mHasNotifySubscriptionInfoChangedOccurred==false no callback
08-02 00:04:30.400  2202  2202 D TelephonyNetworkFactory[0]: Registering NetworkFactory
08-02 00:04:30.528   695  1876 D TelephonyRegistry: listen oscl: mHasNotifySubscriptionInfoChangedOccurred==false no callback
08-02 00:04:30.536  2202  2202 D CallManager: registerForMmiComplete
08-02 00:04:30.573   695  1876 D TelephonyRegistry: listen oscl: mHasNotifySubscriptionInfoChangedOccurred==false no callback
08-02 00:04:30.587  2202  2202 D UiccController: handleMessage: Received RADIO_UNAVAILABLE for phoneId 0
08-02 00:04:30.588  2202  2202 D UiccController: EVENT_RADIO_UNAVAILABLE, dispose card
08-02 00:04:30.588  2202  2202 D UiccController: handleMessage: Received RADIO_AVAILABLE for phoneId 0
08-02 00:04:30.588  2202  2202 D UiccController: Received EVENT_RADIO_AVAILABLE/EVENT_RADIO_ON, calling getIccCardStatus
08-02 00:04:30.592  2202  2202 D RILJ    : [0006]> GET_SIM_STATUS [PHONE0]
08-02 00:04:30.593  2202  2202 D UiccController: Received EVENT_RADIO_AVAILABLE/EVENT_RADIO_ON for phoneId 0, calling getIccSlotsStatus
08-02 00:04:30.593  2202  2202 D RadioConfig: [0007]> GET_SLOT_STATUS
08-02 00:04:30.594  2202  2202 D Phone   : config LCE service failed: com.android.internal.telephony.CommandException: REQUEST_NOT_SUPPORTED
08-02 00:04:30.595  2202  2202 D RILJ    : [0008]> GET_CURRENT_CALLS [PHONE0]
08-02 00:04:30.595  2202  2202 W FeatureConnector: [ImsSmsDispatcher, 0] connect: not supported.
08-02 00:04:30.596  2202  2202 D GsmSMSDispatcher: GsmSMSDispatcher: subId = -1 slotId = 0
08-02 00:04:30.597  2202  2202 D RILJ    : [0009]> BASEBAND_VERSION [PHONE0]
08-02 00:04:30.598  2202  2202 D RILJ    : [0010]> DEVICE_IDENTITY [PHONE0]
08-02 00:04:30.599  2202  2202 D RILJ    : [0011]> GET_RADIO_CAPABILITY [PHONE0]
08-02 00:04:30.601  2202  2202 D RILJ    : [0012]> GET_UICC_APPLICATIONS_ENABLEMENT [PHONE0]
08-02 00:04:30.601  2202  2202 D RILJ    : startLceService: REQUEST_NOT_SUPPORTED
08-02 00:04:30.601  2202  2202 D GsmCdmaPhone: [0] Event EVENT_RADIO_OFF_OR_NOT_AVAILABLE Received
08-02 00:04:30.602  2202  2202 D GsmCdmaPhone: [0] EVENT EVENT_RADIO_STATE_CHANGED
08-02 00:04:30.602  2202  2202 D GsmCdmaPhone: handleRadioPowerStateChange, state= 0
08-02 00:04:30.606  2202  2202 E ANM-0   : Can't find the binding package
08-02 00:04:30.611  2202  2202 D RILJ    : [0013]> SET_SIGNAL_STRENGTH_REPORTING_CRITERIA [PHONE0]
08-02 00:04:30.612  2202  2202 D SSCtr   : setSignalStrengthReportingCriteria consolidatedSignalThresholdInfos=[SignalThresholdInfo{mRan=1 mSignalMeasurementType=1 mHysteresisMs=3000 mHysteresisDb=2 mThresholds=[] mIsEnabled=true}, SignalThresholdInfo{mRan=2 mSignalMeasurementType=2 mHysteresisMs=3000 mHysteresisDb=2 mThresholds=[] mIsEnabled=true}, SignalThresholdInfo{mRan=3 mSignalMeasurementType=3 mHysteresisMs=3000 mHysteresisDb=2 mThresholds=[] mIsEnabled=true}, SignalThresholdInfo{mRan=4 mSignalMeasurementType=1 mHysteresisMs=3000 mHysteresisDb=2 mThresholds=[] mIsEnabled=true}, SignalThresholdInfo{mRan=3 mSignalMeasurementType=4 mHysteresisMs=3000 mHysteresisDb=2 mThresholds=[] mIsEnabled=false}, SignalThresholdInfo{mRan=3 mSignalMeasurementType=5 mHysteresisMs=3000 mHysteresisDb=2 mThresholds=[] mIsEnabled=true}, SignalThresholdInfo{mRan=6 mSignalMeasurementType=6 mHysteresisMs=3000 mHysteresisDb=2 mThresholds=[] mIsEnabled=true}, SignalThresholdInfo{mRan=6 mSignalMeasurementType=7 mHysteresisMs=3000 mHysteresisDb=2 mThresholds=[] mIsEnabled=false}, SignalThresholdInfo{mRan=6 mSignalMeasurementType=8 mHysteresisMs=3000 mHysteresisDb=2 mThresholds=[] mIsEnabled=false}]
08-02 00:04:30.615  2202  2202 D RILJ    : [0014]> SET_SIGNAL_STRENGTH_REPORTING_CRITERIA [PHONE0]
08-02 00:04:30.616  2202  2202 D SSCtr   : setSignalStrengthReportingCriteria consolidatedSignalThresholdInfos=[SignalThresholdInfo{mRan=1 mSignalMeasurementType=1 mHysteresisMs=3000 mHysteresisDb=2 mThresholds=[] mIsEnabled=true}, SignalThresholdInfo{mRan=2 mSignalMeasurementType=2 mHysteresisMs=3000 mHysteresisDb=2 mThresholds=[] mIsEnabled=true}, SignalThresholdInfo{mRan=3 mSignalMeasurementType=3 mHysteresisMs=3000 mHysteresisDb=2 mThresholds=[] mIsEnabled=true}, SignalThresholdInfo{mRan=4 mSignalMeasurementType=1 mHysteresisMs=3000 mHysteresisDb=2 mThresholds=[] mIsEnabled=true}, SignalThresholdInfo{mRan=3 mSignalMeasurementType=4 mHysteresisMs=3000 mHysteresisDb=2 mThresholds=[] mIsEnabled=false}, SignalThresholdInfo{mRan=3 mSignalMeasurementType=5 mHysteresisMs=3000 mHysteresisDb=2 mThresholds=[] mIsEnabled=true}, SignalThresholdInfo{mRan=6 mSignalMeasurementType=6 mHysteresisMs=3000 mHysteresisDb=2 mThresholds=[] mIsEnabled=true}, SignalThresholdInfo{mRan=6 mSignalMeasurementType=7 mHysteresisMs=3000 mHysteresisDb=2 mThresholds=[] mIsEnabled=false}, SignalThresholdInfo{mRan=6 mSignalMeasurementType=8 mHysteresisMs=3000 mHysteresisDb=2 mThresholds=[] mIsEnabled=false}]
08-02 00:04:30.617  2202  2202 D SST     : [0] EVENT_ICC_CHANGED: SIM absent
08-02 00:04:30.617  2202  2202 D SST     : [0] cancelAllNotifications: mPrevSubId=-1
08-02 00:04:30.618  2202  2202 D SST     : [0] updateSpnDisplayLegacy+
08-02 00:04:30.623  2202  2202 D SST     : [0] updateSpnDisplay: radio is on but out of service, set plmn='No service'
08-02 00:04:30.624  2202  2202 D SST     : [0] updateSpnDisplay: rawSpn =
08-02 00:04:30.626  2202  2202 D SST     : [0] updateSpnDisplay: updateSpnDisplay: changed sending intent, rule=2, showPlmn='true', plmn='No service', showSpn='false', spn='', dataSpn='', subId='-1'
08-02 00:04:30.627  2202  2202 D SubscriptionManager: putPhoneIdAndSubIdExtra: no valid subs
08-02 00:04:30.634  2202  2202 D SubscriptionController: [setPlmnSpn] No valid subscription to store info
08-02 00:04:30.635  2202  2202 D SubscriptionController: notifySubscriptionInfoChanged:
08-02 00:04:30.636   695  1876 D TelephonyRegistry: notifySubscriptionInfoChanged: first invocation mRecords.size=30
08-02 00:04:30.641  2202  2202 D SST     : [0] updateSpnDisplayLegacy-
08-02 00:04:30.644  2202  2202 D NRM-C-0 : Trying to bind com.android.phone for transport WWAN
08-02 00:04:30.645  2202  2400 D RILJ    : responseIccCardStatus: from AIDL: IccCardState {CARDSTATE_PRESENT,PINSTATE_UNKNOWN,num_apps=1,gsm_id=0{APPTYPE_USIM,APPSTATE_DETECTED,pin1=PINSTATE_UNKNOWN,pin2=PINSTATE_UNKNOWN},cdma_id=0{APPTYPE_USIM,APPSTATE_DETECTED,pin1=PINSTATE_UNKNOWN,pin2=PINSTATE_UNKNOWN},ims_id=0{APPTYPE_USIM,APPSTATE_DETECTED,pin1=PINSTATE_UNKNOWN,pin2=PINSTATE_UNKNOWN},atr=39981c83e7f216d01c10c0,iccid=<filtered>,eid=,SlotPortMapping={physicalSlotIndex=1, portIndex=0}} [PHONE0]
08-02 00:04:30.646  2202  2400 D RILJ    : [0006]< GET_SIM_STATUS IccCardState {CARDSTATE_PRESENT,PINSTATE_UNKNOWN,num_apps=1,gsm_id=0{APPTYPE_USIM,APPSTATE_DETECTED,pin1=PINSTATE_UNKNOWN,pin2=PINSTATE_UNKNOWN},cdma_id=0{APPTYPE_USIM,APPSTATE_DETECTED,pin1=PINSTATE_UNKNOWN,pin2=PINSTATE_UNKNOWN},ims_id=0{APPTYPE_USIM,APPSTATE_DETECTED,pin1=PINSTATE_UNKNOWN,pin2=PINSTATE_UNKNOWN},atr=39981c83e7f216d01c10c0,iccid=<filtered>,eid=,SlotPortMapping={physicalSlotIndex=1, portIndex=0}} [PHONE0]
08-02 00:04:30.649  2202  2202 E NRM-I-0 : Can't find the binding package
08-02 00:04:30.650  2202  2202 D SST     : [0] setPowerStateToDesired: mDeviceShuttingDown=false, mDesiredPowerState=true, getRadioState=0, mRadioDisabledByCarrier=false, IMS reg state=false, pending radio off=false
08-02 00:04:30.651  2202  2202 D RILJ    : [0015]> RADIO_POWER on = true forEmergencyCall= false preferredForEmergencyCall=false [PHONE0]
08-02 00:04:30.652  2202  2202 D SST     : [0] pollState: modemTriggered=true
08-02 00:04:30.653  2202  2202 D RILJ    : [0016]> OPERATOR [PHONE0]
08-02 00:04:30.654  2202  2202 E NRM-C-0 : service not connected. Domain = PS
08-02 00:04:30.654  2202  2202 E NRM-C-0 : service not connected. Domain = CS
08-02 00:04:30.654  2202  2202 E NRM-I-0 : service not connected. Domain = PS
08-02 00:04:30.655  2202  2202 D RILJ    : [0017]> QUERY_NETWORK_SELECTION_MODE [PHONE0]
08-02 00:04:30.656  2202  2202 D SST     : [0] setPowerStateToDesired: mDeviceShuttingDown=false, mDesiredPowerState=true, getRadioState=0, mRadioDisabledByCarrier=false, IMS reg state=false, pending radio off=false
08-02 00:04:30.657  2202  2202 D RILJ    : [0018]> RADIO_POWER on = true forEmergencyCall= false preferredForEmergencyCall=false [PHONE0]
08-02 00:04:30.658  2202  2202 D SST     : [0] pollState: modemTriggered=true
08-02 00:04:30.659  2202  2202 D RILJ    : [0019]> OPERATOR [PHONE0]
08-02 00:04:30.659  2202  2202 E NRM-C-0 : service not connected. Domain = PS
08-02 00:04:30.660  2202  2202 E NRM-C-0 : service not connected. Domain = CS
08-02 00:04:30.660  2202  2202 E NRM-I-0 : service not connected. Domain = PS
08-02 00:04:30.661  2202  2202 D RILJ    : [0020]> QUERY_NETWORK_SELECTION_MODE [PHONE0]
08-02 00:04:30.662  2202  2202 D Phone   : [0] SubId-1,get allowed network types user: value = GPRS|EDGE|UMTS|HSDPA|HSUPA|HSPA|HSPA+|GSM
08-02 00:04:30.662  2202  2202 D PhoneFactory: calculatePreferredNetworkType: phoneId = 0 networkType = 50055
08-02 00:04:30.663  2202  2202 D SubscriptionController: [getSlotIndex]- subId invalid
08-02 00:04:30.664  2202  2202 D Phone   : [0] Allowed network types for 'carrier' reason is changed by carrier config = GPRS|EDGE|UMTS|HSDPA|HSUPA|HSPA|HSPA+|GSM
08-02 00:04:30.665  2202  2202 D Phone   : [0] SubId-1,get allowed network types carrier: value = GPRS|EDGE|UMTS|HSDPA|HSUPA|HSPA|HSPA+|GSM
08-02 00:04:30.665  2202  2202 I CSST    : isNrSupported:  carrierConfigEnabled: true, AccessFamilySupported: false, isNrNetworkTypeAllowed: false
08-02 00:04:30.666  2202  2202 I CSST    : PrefNetworkNotification: sendMessage() w/values: ,false,-1,false,false
08-02 00:04:30.667  2202  2202 I CSST    : canceling notifications: 1000
08-02 00:04:30.667  2202  2202 D Phone   : isWifiCallingEnabled =false
08-02 00:04:30.668  2202  2202 D CSST    : isPhoneRegisteredForWifiCalling: false
08-02 00:04:30.668  2202  2202 D Phone   : isWifiCallingEnabled =false
08-02 00:04:30.668  2202  2202 I CSST    : EmergencyNetworkNotification: sendMessage() w/values: ,-1,false,false
08-02 00:04:30.669  2202  2202 I CSST    : canceling notifications: 1001
08-02 00:04:30.670  2202  2202 D Phone   : [0] SubId-1,get allowed network types user: value = GPRS|EDGE|UMTS|HSDPA|HSUPA|HSPA|HSPA+|GSM
08-02 00:04:30.670  2202  2202 D PhoneFactory: calculatePreferredNetworkType: phoneId = 0 networkType = 50055
08-02 00:04:30.671  2202  2202 D Phone   : [0] Allowed network types for 'carrier' reason is changed by carrier config = GPRS|EDGE|UMTS|HSDPA|HSUPA|HSPA|HSPA+|GSM
08-02 00:04:30.671  2202  2202 D Phone   : [0] SubId-1,get allowed network types carrier: value = GPRS|EDGE|UMTS|HSDPA|HSUPA|HSPA|HSPA+|GSM
08-02 00:04:30.672  2202  2202 I CSST    : isNrSupported:  carrierConfigEnabled: true, AccessFamilySupported: false, isNrNetworkTypeAllowed: false
08-02 00:04:30.672  2202  2202 I CSST    : PrefNetworkNotification: sendMessage() w/values: ,false,-1,false,false
08-02 00:04:30.673  2202  2202 I CSST    : canceling notifications: 1000
08-02 00:04:30.673  2202  2202 D Phone   : isWifiCallingEnabled =false
08-02 00:04:30.673  2202  2202 D CSST    : isPhoneRegisteredForWifiCalling: false
08-02 00:04:30.674  2202  2202 D Phone   : isWifiCallingEnabled =false
08-02 00:04:30.674  2202  2202 I CSST    : EmergencyNetworkNotification: sendMessage() w/values: ,-1,false,false
08-02 00:04:30.675  2202  2202 I CSST    : canceling notifications: 1001
08-02 00:04:30.675  2202  2202 D EmergencyNumberTracker: updateRadioEmergencyNumberListAndNotify(): receiving []
08-02 00:04:30.677  2202  2202 D RILJ    : [0021]> SEND_DEVICE_STATE 1:true [PHONE0]
08-02 00:04:30.678  2202  2202 D RILJ    : [0022]> SEND_DEVICE_STATE 2:false [PHONE0]
08-02 00:04:30.680  2202  2202 D RILJ    : [0023]> SEND_DEVICE_STATE 0:false [PHONE0]
08-02 00:04:30.681  2202  2202 D RILJ    : [0024]> SET_UNSOLICITED_RESPONSE_FILTER -1 [PHONE0]
08-02 00:04:30.682  2202  2202 D RILJ    : [0025]> SET_LINK_CAPACITY_REPORTING_CRITERIA [PHONE0]
08-02 00:04:30.683  2202  2202 D RILJ    : [0026]> SET_LINK_CAPACITY_REPORTING_CRITERIA [PHONE0]
08-02 00:04:30.684  2202  2202 D RILJ    : [0027]> SET_LINK_CAPACITY_REPORTING_CRITERIA [PHONE0]
08-02 00:04:30.685  2202  2202 D RILJ    : [0028]> SET_LINK_CAPACITY_REPORTING_CRITERIA [PHONE0]
08-02 00:04:30.686  2202  2202 D RILJ    : [0029]> SET_LINK_CAPACITY_REPORTING_CRITERIA [PHONE0]
08-02 00:04:30.687  2202  2202 D RILJ    : [0030]> SEND_DEVICE_STATE 1:true [PHONE0]
08-02 00:04:30.689  2202  2202 D RILJ    : [0031]> SEND_DEVICE_STATE 2:false [PHONE0]
08-02 00:04:30.690  2202  2202 D RILJ    : [0032]> SEND_DEVICE_STATE 0:false [PHONE0]
08-02 00:04:30.691  2202  2202 D RILJ    : [0033]> SET_UNSOLICITED_RESPONSE_FILTER -1 [PHONE0]
08-02 00:04:30.692  2202  2202 D RILJ    : [0034]> SET_LINK_CAPACITY_REPORTING_CRITERIA [PHONE0]
08-02 00:04:30.693  2202  2202 D RILJ    : [0035]> SET_LINK_CAPACITY_REPORTING_CRITERIA [PHONE0]
08-02 00:04:30.694  2202  2202 D RILJ    : [0036]> SET_LINK_CAPACITY_REPORTING_CRITERIA [PHONE0]
08-02 00:04:30.695  2202  2202 D RILJ    : [0037]> SET_LINK_CAPACITY_REPORTING_CRITERIA [PHONE0]
08-02 00:04:30.696  2202  2202 D RILJ    : [0038]> SET_LINK_CAPACITY_REPORTING_CRITERIA [PHONE0]
08-02 00:04:30.697  2202  2202 D NetworkTypeController: [0] DefaultState: process EVENT_INITIALIZE
08-02 00:04:30.699  2202  2400 D RadioConfigResponseAidl: [0007]< GET_SLOT_STATUS [IccSlotStatus {CARDSTATE_PRESENT,atr=39981c83e7f216d01c10c0,eid=,num_ports=1, IccSimPortInfo-0{iccid=<filtered>,logicalSlotIndex=0,portActive=true}}]
08-02 00:04:30.699  2202  2220 D RILJ    : [0008]< GET_CURRENT_CALLS {} [PHONE0]
08-02 00:04:30.702  2202  2202 D NetworkTypeController: [0] mOverrideTimerRules: {connected={mState=connected, mOverrideType=NR_NSA, mPrimaryTimers={}, mSecondaryTimers={}}, not_restricted_rrc_con={mState=not_restricted_rrc_con, mOverrideType=NR_NSA, mPrimaryTimers={}, mSecondaryTimers={}}, legacy={mState=legacy, mOverrideType=NONE, mPrimaryTimers={}, mSecondaryTimers={}}, not_restricted_rrc_idle={mState=not_restricted_rrc_idle, mOverrideType=NR_NSA, mPrimaryTimers={}, mSecondaryTimers={}}, restricted={mState=restricted, mOverrideType=NONE, mPrimaryTimers={}, mSecondaryTimers={}}, connected_mmwave={mState=connected_mmwave, mOverrideType=NR_NSA, mPrimaryTimers={}, mSecondaryTimers={}}}
08-02 00:04:30.703  2202  2202 D NetworkTypeController: [0] DefaultState: process EVENT_UPDATE
08-02 00:04:30.703  2202  2202 D NetworkTypeController: [0] Reset timers since preferred network mode changed.
08-02 00:04:30.703  2202  2202 D NetworkTypeController: [0] Entering LegacyState
08-02 00:04:30.704  2202  2202 D NetworkTypeController: [0] Reset timers since NR is not allowed.
08-02 00:04:30.704  2202  2202 D DIC-0   : TelephonyDisplayInfo changed from null to TelephonyDisplayInfo {network=UNKNOWN, override=NONE}
08-02 00:04:30.709  2202  2202 D DataService: Data service created
08-02 00:04:30.716  2202  2202 D DSMGR-0 : getDataEnabled during provisioning retVal=false - (false, 0)
08-02 00:04:30.716  2202  2202 D DSMGR-0 : mIsDataEnabled=false, prevDataEnabled=false
08-02 00:04:30.717  2202  2202 D DSMGR-0 : notifyDataEnabledChanged: enabled=false, reason=UNKNOWN, callingPackage=com.android.phone
08-02 00:04:30.723  2202  2202 D CarrierResolver: handleMessage: 2
08-02 00:04:30.752  2202  2400 D RILJ    : [0013]< SET_SIGNAL_STRENGTH_REPORTING_CRITERIA  [PHONE0]
08-02 00:04:30.752  2202  2399 D RILJ    : [0012]< GET_UICC_APPLICATIONS_ENABLEMENT true [PHONE0]
08-02 00:04:30.753  2202  2220 D RILJ    : [0009]< BASEBAND_VERSION MPSS.AT.4.0.c2.15-00007-SDM845_GEN_PACK-1.358880.1.399256.2  1  [May 09 2021 22:00:00] [PHONE0]
08-02 00:04:30.809  2202  2399 D RILJ    : [0014]< SET_SIGNAL_STRENGTH_REPORTING_CRITERIA  [PHONE0]
08-02 00:04:30.810  2202  2399 D RILJ    : [0016]< OPERATOR {Three.co.uk, 3, 23420} [PHONE0]
08-02 00:04:30.811  2202  2220 D RILJ    : [0010]< DEVICE_IDENTITY {[gCWURUll5cJmBSWfEXIein_Hj3E], 2, 8018E647, 99001202896467} [PHONE0]
08-02 00:04:30.816  2202  2220 D RILJ    : convertHalRadioCapability: session=0, phase=0, rat=4096, logicModemUuid=org.linaro.qrild.lm1, status=0, rcRil.raf=16384 [PHONE0]
08-02 00:04:30.818  2202  2220 D RILJ    : [0011]< GET_RADIO_CAPABILITY {mPhoneId = 0 mVersion=1 mSession=0 mPhase=0 mRadioAccessFamily=4096 mLogicModemId=org.linaro.qrild.lm1 mStatus=0} [PHONE0]
08-02 00:04:30.920  2202  2400 D RILJ    : [0017]< QUERY_NETWORK_SELECTION_MODE {0} [PHONE0]
08-02 00:04:30.920  2202  2220 D RILJ    : [UNSL]< UNSOL_RESPONSE_RADIO_STATE_CHANGED radioStateChanged: 1 [PHONE0]
08-02 00:04:30.921  2202  2399 D RILJ    : [0015]< RADIO_POWER  [PHONE0]
08-02 00:04:30.969  2202  2399 D RILJ    : [0018]< RADIO_POWER  [PHONE0]
08-02 00:04:30.970  2202  2220 D RILJ    : [0019]< OPERATOR {Three.co.uk, 3, 23420} [PHONE0]
08-02 00:04:30.970  2202  2400 D RILJ    : [0021]< SEND_DEVICE_STATE  [PHONE0]
08-02 00:04:30.971  2202  2400 D RILJ    : [0022]< SEND_DEVICE_STATE  [PHONE0]
08-02 00:04:30.972  2202  2220 D RILJ    : [0020]< QUERY_NETWORK_SELECTION_MODE {0} [PHONE0]
08-02 00:04:30.972  2202  2400 D RILJ    : [0023]< SEND_DEVICE_STATE  [PHONE0]
08-02 00:04:30.973  2202  2220 D RILJ    : [0024]< SET_UNSOLICITED_RESPONSE_FILTER  [PHONE0]
08-02 00:04:30.974  2202  2400 D RILJ    : [0030]< SEND_DEVICE_STATE  [PHONE0]
08-02 00:04:30.975  2202  2220 D RILJ    : [0025]< SET_LINK_CAPACITY_REPORTING_CRITERIA  [PHONE0]
08-02 00:04:30.975  2202  2400 D RILJ    : [0031]< SEND_DEVICE_STATE  [PHONE0]
08-02 00:04:30.976  2202  2220 D RILJ    : [0026]< SET_LINK_CAPACITY_REPORTING_CRITERIA  [PHONE0]
08-02 00:04:30.977  2202  2400 D RILJ    : [0032]< SEND_DEVICE_STATE  [PHONE0]
08-02 00:04:30.977  2202  2220 D RILJ    : [0027]< SET_LINK_CAPACITY_REPORTING_CRITERIA  [PHONE0]
08-02 00:04:30.978  2202  2220 D RILJ    : [0028]< SET_LINK_CAPACITY_REPORTING_CRITERIA  [PHONE0]
08-02 00:04:30.979  2202  2220 D RILJ    : [0029]< SET_LINK_CAPACITY_REPORTING_CRITERIA  [PHONE0]
08-02 00:04:30.980  2202  2220 D RILJ    : [0033]< SET_UNSOLICITED_RESPONSE_FILTER  [PHONE0]
08-02 00:04:30.981  2202  2220 D RILJ    : [0034]< SET_LINK_CAPACITY_REPORTING_CRITERIA  [PHONE0]
08-02 00:04:30.982  2202  2220 D RILJ    : [0035]< SET_LINK_CAPACITY_REPORTING_CRITERIA  [PHONE0]
08-02 00:04:30.983  2202  2220 D RILJ    : [0036]< SET_LINK_CAPACITY_REPORTING_CRITERIA  [PHONE0]
08-02 00:04:30.984  2202  2220 D RILJ    : [0037]< SET_LINK_CAPACITY_REPORTING_CRITERIA  [PHONE0]
08-02 00:04:30.985  2202  2220 D RILJ    : [0038]< SET_LINK_CAPACITY_REPORTING_CRITERIA  [PHONE0]
08-02 00:04:31.022  2202  2202 D GsmCdmaPhone: [0] onVoiceRegStateOrRatChanged
08-02 00:04:31.023  2202  2202 D GsmCdmaPhone: [0] getCsCallRadioTech, current vrs=1, vrat=0
08-02 00:04:31.023  2202  2202 D GsmCdmaPhone: [0] getCsCallRadioTech, result calcVrat=0
08-02 00:04:31.024  2202  2202 D PhoneCfgMgr: Received EVENT_RADIO_AVAILABLE/EVENT_RADIO_ON
08-02 00:04:31.027  2202  2202 D RILJ    : [0039]> GET_MODEM_STATUS [PHONE0]
08-02 00:04:31.028  2202  2202 D PhoneCfgMgr: getStaticPhoneCapability: sending the request for getting PhoneCapability
08-02 00:04:31.028  2202  2202 D RadioConfig: [0040]> GET_PHONE_CAPABILITY
08-02 00:04:31.028  2202  2220 D RILJ    : [0039]< GET_MODEM_STATUS true [PHONE0]
08-02 00:04:31.029  2202  2202 D PhoneCfgMgr: getStaticPhoneCapability: mStaticCapability mMaxActiveVoiceSubscriptions=1 mMaxActiveDataSubscriptions=1 mNetworkValidationBeforeSwitchSupported=false mDeviceNrCapability []
08-02 00:04:31.033  2202  2400 D RadioConfigResponseAidl: [0040]< GET_PHONE_CAPABILITY mMaxActiveVoiceSubscriptions=0 mMaxActiveDataSubscriptions=1 mNetworkValidationBeforeSwitchSupported=false mDeviceNrCapability []
08-02 00:04:31.035  2202  2202 D TelephonyNetworkFactory[0]: onActivePhoneSwitch
08-02 00:04:31.037  2202  2202 D DebugService: DebugService DebugService:
08-02 00:04:31.040  2202  2202 D GsmSMSDispatcher: GsmSMSDispatcher: subId = -1 slotId = 0
08-02 00:04:31.040  2202  2202 D SST     : [0] EVENT_ICC_CHANGED: SIM absent
08-02 00:04:31.041  2202  2202 D SST     : [0] cancelAllNotifications: mPrevSubId=-1
08-02 00:04:31.042  2202  2202 D SST     : [0] updateSpnDisplayLegacy+
08-02 00:04:31.043  2202  2202 D SST     : [0] updateSpnDisplay: radio is on but out of service, set plmn='No service'
08-02 00:04:31.044  2202  2202 D SST     : [0] updateSpnDisplay: rawSpn =
08-02 00:04:31.044  2202  2202 D SST     : [0] updateSpnDisplayLegacy-
08-02 00:04:31.045  2202  2202 D CarrierResolver: handleMessage: 2
08-02 00:04:31.045  2202  2202 D ImsSmsDispatcher [0]: ImsManager: connection unavailable, reason=2
08-02 00:04:31.045  2202  2202 D Phone   : config LCE service failed: com.android.internal.telephony.CommandException: REQUEST_NOT_SUPPORTED
08-02 00:04:31.045  2202  2202 D SST     : [0] SubscriptionListener.onSubscriptionInfoChanged
08-02 00:04:31.057  2202  2202 D Phone   : isImsRegistered =false
08-02 00:04:31.060  2202  2202 E PhoneSubInfoController: getLine1Number phone is null for Subscription:-1
08-02 00:04:31.096  2202  2202 D UiccController: handleMessage: Received GET_ICC_STATUS_DONE for phoneId 0
08-02 00:04:31.096  2202  2202 D UiccController: Received EVENT_GET_ICC_STATUS_DONE
08-02 00:04:31.097  2202  2202 D UiccController: onGetIccCardStatusDone: phoneId 0 IccCardStatus: IccCardState {CARDSTATE_PRESENT,PINSTATE_UNKNOWN,num_apps=1,gsm_id=0{APPTYPE_USIM,APPSTATE_DETECTED,pin1=PINSTATE_UNKNOWN,pin2=PINSTATE_UNKNOWN},cdma_id=0{APPTYPE_USIM,APPSTATE_DETECTED,pin1=PINSTATE_UNKNOWN,pin2=PINSTATE_UNKNOWN},ims_id=0{APPTYPE_USIM,APPSTATE_DETECTED,pin1=PINSTATE_UNKNOWN,pin2=PINSTATE_UNKNOWN},atr=39981c83e7f216d01c10c0,iccid=<filtered>,eid=,SlotPortMapping={physicalSlotIndex=1, portIndex=0}}
08-02 00:04:31.098  2202  2202 D UiccSlot: Creating
08-02 00:04:31.098  2202  2202 D UiccSlot: cardStatus update: IccCardState {CARDSTATE_PRESENT,PINSTATE_UNKNOWN,num_apps=1,gsm_id=0{APPTYPE_USIM,APPSTATE_DETECTED,pin1=PINSTATE_UNKNOWN,pin2=PINSTATE_UNKNOWN},cdma_id=0{APPTYPE_USIM,APPSTATE_DETECTED,pin1=PINSTATE_UNKNOWN,pin2=PINSTATE_UNKNOWN},ims_id=0{APPTYPE_USIM,APPSTATE_DETECTED,pin1=PINSTATE_UNKNOWN,pin2=PINSTATE_UNKNOWN},atr=39981c83e7f216d01c10c0,iccid=<filtered>,eid=,SlotPortMapping={physicalSlotIndex=1, portIndex=0}}
08-02 00:04:31.098  2202  2202 E AnswerToReset: Unrecognized convention byte 39
08-02 00:04:31.099  2202  2202 D UiccSlot: update: radioState=1 mLastRadioState={}
08-02 00:04:31.099  2202  2202 D UiccCard: Creating
08-02 00:04:31.100  2202  2202 D UiccPort: Creating
08-02 00:04:31.100  2202  2202 D UiccProfile: Creating profile
08-02 00:04:31.100  2202  2202 D UiccProfile: 1 applications
08-02 00:04:31.101  2202  2202 D UiccCardApplication: Creating UiccApp: {APPTYPE_USIM,APPSTATE_DETECTED,pin1=PINSTATE_UNKNOWN,pin2=PINSTATE_UNKNOWN}
08-02 00:04:31.101  2202  2202 D CarrierTestOverride: File path : /user_de/0/com.android.phone/files/carrier_test_conf_sim0.xml
08-02 00:04:31.103  2202  2202 W CarrierTestOverride: Can not open /data/user_de/0/com.android.phone/files/carrier_test_conf_sim0.xml
08-02 00:04:31.103  2202  2202 D UiccCardApplication: Notifying 1 registrant: DETECTED
08-02 00:04:31.104  2202  2202 W VoiceMailConstants: Can't open /system/etc/voicemail-conf.xml
08-02 00:04:31.105  2202  2202 D SIMRecords: [SIMRecords-0] setting0 mMncLength-1
08-02 00:04:31.105  2202  2202 D SIMRecords: [SIMRecords-0] SIMRecords: onRadioOffOrNotAvailable set 'gsm.sim.operator.numeric' to operator=null
08-02 00:04:31.105  2202  2202 D SIMRecords: [SIMRecords-0] update icc_operator_numeric=null
08-02 00:04:31.109  2202  2202 D SIMRecords: [SIMRecords-0] getOperatorNumeric: IMSI == null
08-02 00:04:31.109  2202  2202 D SIMRecords: [SIMRecords-0] SIMRecords X ctor this=SimRecords: mDestroyed=false mContext=com.android.phone.PhoneGlobals@2c524ad mCi=com.android.internal.telephony.RIL@9eb83e2 mFh=Handler (com.android.internal.telephony.uicc.UsimFileHandler) {e423373} mParentApp=com.android.internal.telephony.uicc.UiccCardApplication@bcf2230 recordsToLoad=0 adnCache=Handler (com.android.internal.telephony.uicc.AdnRecordCache) {4bc5ea9} recordsRequested=false lockedRecordsReqReason=0 iccid=null msisdnTag=null voiceMailNum=null voiceMailTag=null voiceMailNum=null newVoiceMailTag=null isVoiceMailFixed=false mImsi=null mncLength=-1 mailboxIndex=0 spn=null mVmConfigcom.android.internal.telephony.uicc.VoiceMailConstants@8c1fc2e callForwardingEnabled=0 spnState=null mCphsInfo=null mCspPlmnEnabled=true efMWIS=null efCPHS_MWI=null mEfCff=null mEfCfis=null getOperatorNumeric=null
08-02 00:04:31.112  2202  2202 D CAT     : CatService: registerForRecordsLoaded slotid=0 instance:Handler (com.android.internal.telephony.cat.CatService) {5be9deb}
08-02 00:04:31.113  2202  2202 D CAT     : CatService: Running CAT service on Slotid: 0. STK app installed:false
08-02 00:04:31.114  2202  2202 D UiccProfile: Before privilege rules: null : CARDSTATE_PRESENT
08-02 00:04:31.114  2202  2202 D UiccProfile: iccOpenLogicalChannel: A00000015144414300 , 0 by pid:2202 uid:1001
08-02 00:04:31.118  2202  2202 D RILJ    : [0041]> SIM_OPEN_CHANNEL aid = A00000015144414300 p2 = 0 [PHONE0]
08-02 00:04:31.119  2202  2202 E UiccProfile: App index 0 is invalid since it's not APPTYPE_RUIM and not APPTYPE_CSIM
08-02 00:04:31.119  2202  2202 E UiccProfile: App index 0 is invalid since it's not APPTYPE_ISIM and not null
08-02 00:04:31.120  2202  2202 D UiccProfile: Icc changed. Reregistering.
08-02 00:04:31.120  2202  2400 D RILJ    : [0041]< SIM_OPEN_CHANNEL error 6 [PHONE0]
08-02 00:04:31.120  2202  2202 D UiccProfile: setExternalState: set mPhoneId=0 mExternalState=NOT_READY
08-02 00:04:31.121  2202  2400 D RilRequest: [0041]< SIM_OPEN_CHANNEL error: com.android.internal.telephony.CommandException: REQUEST_NOT_SUPPORTED ret= result={ when=-3m5s313ms what=8 obj={ when=-3m5s313ms what=1 target=com.android.internal.telephony.uicc.UiccCarrierPrivilegeRules } target=com.android.internal.telephony.uicc.UiccProfile$4 }
08-02 00:04:31.122  2202  2202 D SubscriptionInfoUpdater: updateInternalIccState to simStatus NOT_READY reason null phoneId 0
08-02 00:04:31.122  2202  2202 D UiccProfile: update icc_operator_numeric=
08-02 00:04:31.131  2202  2202 D UiccController: Notifying IccChangedRegistrants
08-02 00:04:31.132  2202  2202 D NetworkService: network service created
08-02 00:04:31.134  2202  2202 D SST     : [0] handlePollStateResult exception java.lang.IllegalStateException: Service not connected.
08-02 00:04:31.134  2202  2202 E SST     : [0] RIL implementation has returned an error where it must succeedjava.lang.IllegalStateException: Service not connected.
08-02 00:04:31.134  2202  2202 D SST     : [0] handlePollStateResult exception java.lang.IllegalStateException: Service not connected.
08-02 00:04:31.135  2202  2202 E SST     : [0] RIL implementation has returned an error where it must succeedjava.lang.IllegalStateException: Service not connected.
08-02 00:04:31.135  2202  2202 D SST     : [0] handlePollStateResult exception java.lang.IllegalStateException: Service not connected.
08-02 00:04:31.135  2202  2202 E SST     : [0] RIL implementation has returned an error where it must succeedjava.lang.IllegalStateException: Service not connected.
08-02 00:04:31.135  2202  2202 D NetworkTypeController: [0] LegacyState: process EVENT_DATA_RAT_CHANGED
08-02 00:04:31.136  2202  2202 D NetworkTypeController: [0] Reset timers since NR is not allowed.
08-02 00:04:31.136  2202  2202 D NetworkTypeController: [0] Reset timers since 2G and 3G don't need NR timers.
08-02 00:04:31.137  2202  2202 D UiccController: handleMessage: Received GET_SLOT_STATUS_DONE for phoneId 0
08-02 00:04:31.137  2202  2202 D UiccController: Received EVENT_SLOT_STATUS_CHANGED or EVENT_GET_SLOT_STATUS_DONE
08-02 00:04:31.138  2202  2202 D UiccController: onGetSlotStatusDone: [IccSlotStatus {CARDSTATE_PRESENT,atr=39981c83e7f216d01c10c0,eid=,num_ports=1, IccSimPortInfo-0{iccid=<filtered>,logicalSlotIndex=0,portActive=true}}]
08-02 00:04:31.138  2202  2202 D UiccSlot: Creating
08-02 00:04:31.138  2202  2202 D UiccSlot: slotStatus update: IccSlotStatus {CARDSTATE_PRESENT,atr=39981c83e7f216d01c10c0,eid=,num_ports=1, IccSimPortInfo-0{iccid=<filtered>,logicalSlotIndex=0,portActive=true}}
08-02 00:04:31.139  2202  2202 E AnswerToReset: Unrecognized convention byte 39
08-02 00:04:31.139  2202  2202 D UiccController: onGetSlotStatusDone: mDefaultEuiccCardId=UNINITIALIZED
08-02 00:04:31.141  2202  2202 D GsmCdmaCallTracker: Event EVENT_POLL_CALLS_RESULT Received
08-02 00:04:31.141  2202  2202 D GsmCdmaCallTracker: [0] update phone state, old=IDLE new=IDLE
08-02 00:04:31.141  2202  2202 D DSM-C-0 : onServiceConnected: ComponentInfo{com.android.phone/com.android.internal.telephony.data.CellularDataService}
08-02 00:04:31.143  2202  2401 D CellularDataService: Cellular data service created for slot 0
08-02 00:04:31.144  2202  2202 D PhoneSwitcher: No active subscriptions: resetting preferred phone to 0 for emergency
08-02 00:04:31.144  2202  2202 D PhoneSwitcher: evaluating due to EVENT_DATA_ENABLED_CHANGED phone[0] 0->-1
08-02 00:04:31.144  2202  2202 D PhoneSwitcher: sendRilCommands: setPreferredDataModem - phoneId: 0
08-02 00:04:31.145  2202  2202 D RadioConfig: [0042]> SET_PREFERRED_DATA_MODEM
08-02 00:04:31.145  2202  2202 D PhoneSwitcher: Data switch event. subId=-1, state=START, reason=IN_CALL
08-02 00:04:31.146  2202  2400 D RadioConfigResponseAidl: [0042]< SET_PREFERRED_DATA_MODEM
08-02 00:04:31.149  2202  2202 D DSRM-0  : onMobileDataEnabledChanged: DataEnabled:false,DataStalled:false
08-02 00:04:31.150  2202  2202 D DNC-0   : onDataEnabledChanged: enabled=false
08-02 00:04:31.151  2202  2202 D GsmCdmaPhone: [0] Baseband version: MPSS.AT.4.0.c2.15-00007-SDM845_GEN_PACK-1.358880.1.399256.2  1  [May 09 2021 22:00:00]
08-02 00:04:31.153  2202  2202 D GsmCdmaPhone: EVENT_GET_RADIO_CAPABILITY: phone rc: {mPhoneId = 0 mVersion=1 mSession=0 mPhase=0 mRadioAccessFamily=4096 mLogicModemId=org.linaro.qrild.lm1 mStatus=0}
08-02 00:04:31.153  2202  2202 D SST     : [0] EVENT_POLL_STATE_NETWORK_SELECTION_MODE
08-02 00:04:31.153  2202  2202 D GsmCdmaPhone: [0] EVENT EVENT_RADIO_STATE_CHANGED
08-02 00:04:31.153  2202  2202 D GsmCdmaPhone: handleRadioPowerStateChange, state= 1
08-02 00:04:31.154  2202  2202 D SST     : [0] setPowerStateToDesired: mDeviceShuttingDown=false, mDesiredPowerState=true, getRadioState=1, mRadioDisabledByCarrier=false, IMS reg state=false, pending radio off=false
08-02 00:04:31.155  2202  2202 D SST     : [0] pollState: modemTriggered=true
08-02 00:04:31.158  2202  2202 D RILJ    : [0043]> OPERATOR [PHONE0]
08-02 00:04:31.159  2202  2202 E NRM-C-0 : service not connected. Domain = PS
08-02 00:04:31.159  2202  2202 E NRM-C-0 : service not connected. Domain = CS
08-02 00:04:31.159  2202  2202 E NRM-I-0 : service not connected. Domain = PS
08-02 00:04:31.160  2202  2400 D RILJ    : [0043]< OPERATOR {Three.co.uk, 3, 23420} [PHONE0]
08-02 00:04:31.161  2202  2202 D RILJ    : [0044]> QUERY_NETWORK_SELECTION_MODE [PHONE0]
08-02 00:04:31.162  2202  2400 D RILJ    : [0044]< QUERY_NETWORK_SELECTION_MODE {0} [PHONE0]
08-02 00:04:31.162  2202  2202 D RILJ    : [0045]> GET_CURRENT_CALLS [PHONE0]
08-02 00:04:31.163  2202  2400 D RILJ    : [0045]< GET_CURRENT_CALLS {} [PHONE0]
08-02 00:04:31.164  2202  2202 D RILJ    : [0046]> IMS_REGISTRATION_STATE [PHONE0]
08-02 00:04:31.164  2202  2202 D GsmCdmaPhone: [0] Event EVENT_RADIO_ON Received
08-02 00:04:31.164  2202  2220 D RILJ    : [0046]< IMS_REGISTRATION_STATE {0, 1} [PHONE0]
08-02 00:04:31.165  2202  2202 D RILJ    : [0047]> VOICE_RADIO_TECH [PHONE0]
08-02 00:04:31.166  2202  2202 D RILJ    : [0048]> CDMA_GET_SUBSCRIPTION_SOURCE [PHONE0]
08-02 00:04:31.166  2202  2220 D RILJ    : [0047]< VOICE_RADIO_TECH {0} [PHONE0]
08-02 00:04:31.166  2202  2202 D SSCtr   : onDeviceIdleStateChanged isDeviceIdle=false
08-02 00:04:31.169  2202  2202 D RILJ    : [0049]> SET_UNSOLICITED_RESPONSE_FILTER 127 [PHONE0]
08-02 00:04:31.169  2202  2220 D RILJ    : [0048]< CDMA_GET_SUBSCRIPTION_SOURCE {0} [PHONE0]
08-02 00:04:31.170  2202  2202 D RILJ    : [0050]> GET_BARRING_INFO [PHONE0]
08-02 00:04:31.170  2202  2202 D DRM-0   : Remove all retry and throttling entries, reason=RADIO_ON
08-02 00:04:31.171  2202  2220 D RILJ    : [0049]< SET_UNSOLICITED_RESPONSE_FILTER  [PHONE0]
08-02 00:04:31.172  2202  2202 D PhoneSwitcher: evaluating due to EVENT_RADIO_ON
08-02 00:04:31.172  2202  2202 D PhoneSwitcher: sendRilCommands: setPreferredDataModem - phoneId: 0
08-02 00:04:31.172  2202  2202 D RadioConfig: [0051]> SET_PREFERRED_DATA_MODEM
08-02 00:04:31.173  2202  2202 D SST     : [0] EVENT_POLL_STATE_NETWORK_SELECTION_MODE
08-02 00:04:31.175  2202  2202 D TelephonyNetworkFactory[0]: got request NetworkRequest [ REQUEST id=7, [ Capabilities: INTERNET&NOT_RESTRICTED&TRUSTED&NOT_VCN_MANAGED Uid: 1000 RequestorUid: 1000 RequestorPkg: android UnderlyingNetworks: Null] ]
08-02 00:04:31.176  2202  2202 D TelephonyNetworkFactory[0]: got request NetworkRequest [ REQUEST id=27, [ Capabilities: INTERNET&NOT_RESTRICTED&TRUSTED&NOT_VCN_MANAGED Uid: 1001 RequestorUid: 1001 RequestorPkg: com.android.phone UnderlyingNetworks: Null] ]
08-02 00:04:31.176  2202  2202 D TelephonyNetworkFactory[0]: got request NetworkRequest [ REQUEST id=1, [ Capabilities: INTERNET&NOT_RESTRICTED&TRUSTED&NOT_VPN&NOT_VCN_MANAGED RequestorUid: 1000 RequestorPkg: android UnderlyingNetworks: Null] ]
08-02 00:04:31.176  2202  2202 D TelephonyNetworkFactory[0]: got request NetworkRequest [ REQUEST id=16, [ Capabilities: INTERNET&NOT_RESTRICTED&TRUSTED&NOT_VCN_MANAGED Uid: 1073 RequestorUid: 1073 RequestorPkg: com.android.networkstack UnderlyingNetworks: Null] ]
08-02 00:04:31.177  2202  2202 D TelephonyNetworkFactory[0]: got request NetworkRequest [ REQUEST id=14, [ Capabilities: INTERNET&NOT_RESTRICTED&TRUSTED&NOT_VCN_MANAGED Uid: 1000 RequestorUid: 1000 RequestorPkg: android UnderlyingNetworks: Null] ]
08-02 00:04:31.177  2202  2202 D TelephonyNetworkFactory[0]: got request NetworkRequest [ REQUEST id=21, [ Capabilities: INTERNET&NOT_RESTRICTED&TRUSTED&NOT_VCN_MANAGED Uid: 10062 RequestorUid: 10062 RequestorPkg: com.android.systemui UnderlyingNetworks: Null] ]
08-02 00:04:31.177  2202  2202 D TelephonyNetworkFactory[0]: got request NetworkRequest [ REQUEST id=23, [ Capabilities: INTERNET&NOT_RESTRICTED&TRUSTED&NOT_VCN_MANAGED Uid: 10062 RequestorUid: 10062 RequestorPkg: com.android.systemui UnderlyingNetworks: Null] ]
08-02 00:04:31.178  2202  2202 D TelephonyNetworkFactory[0]: got request NetworkRequest [ BACKGROUND_REQUEST id=2, [ Transports: CELLULAR Capabilities: INTERNET&NOT_RESTRICTED&TRUSTED&NOT_VPN&NOT_VCN_MANAGED RequestorUid: 1000 RequestorPkg: android UnderlyingNetworks: Null] ]
08-02 00:04:31.180  2202  2202 E PhoneSubInfoController: getLine1Number phone is null for Subscription:-1
08-02 00:04:31.190  2202  2202 D CAT     : CatService: handleMessage[8]
