08-02 00:04:31.357  2202  2399 D RilRequest: [0053]< SIM_OPEN_CHANNEL error: com.android.internal.telephony.CommandException: REQUEST_NOT_SUPPORTED ret= result={ when=-3m5s550ms what=8 obj={ when=-3m5s550ms what=1 arg2=1 target=com.android.internal.telephony.uicc.UiccCarrierPrivilegeRules } target=com.android.internal.telephony.uicc.UiccProfile$4 }
08-02 00:04:31.358  2202  2202 D DRM-0   : Remove all retry and throttling entries, reason=DATA_SERVICE_BOUND
08-02 00:04:31.359  2202  2202 D TelephonyNetworkFactory[0]: onActivePhoneSwitch
08-02 00:04:31.360  2202  2202 D TelephonyNetworkFactory[0]: onNeedNetworkFor [NetworkRequest [ REQUEST id=29, [ Capabilities: INTERNET&NOT_RESTRICTED&TRUSTED&NOT_VCN_MANAGED Uid: 1001 RequestorUid: 1001 RequestorPkg: com.android.phone UnderlyingNetworks: Null] ], mPriority=20, state=UNSATISFIED, mAttachedDataNetwork=null, isMetered=true, created time=00:04:31.359, evaluation result=null] shouldApply false
08-02 00:04:31.362  2202  2202 D PhoneSwitcher: onDdsSwitchResponse: DDS switch success on phoneId = 0
08-02 00:04:31.362  2202  2202 D PhoneSwitcher: notifyPreferredDataSubIdChanged to -1
08-02 00:04:31.363   695   762 D TelephonyRegistry: notifyActiveDataSubIdChanged: activeDataSubId=-1
08-02 00:04:31.365  2202  2202 D DNC-0   : onServiceStateChanged: changed to {mVoiceRegState=3(POWER_OFF), mDataRegState=1(OUT_OF_SERVICE), mChannelNumber=-1, duplexMode()=0, mCellBandwidths=[], mOperatorAlphaLong=Three.co.uk, mOperatorAlphaShort=3, isManualNetworkSelection=false(automatic), getRilVoiceRadioTechnology=0(Unknown), getRilDataRadioTechnology=0(Unknown), mCssIndicator=unsupported, mNetworkId=-1, mSystemId=-1, mCdmaRoamingIndicator=-1, mCdmaDefaultRoamingIndicator=-1, mIsEmergencyOnly=false, isUsingCarrierAggregation=false, mArfcnRsrpBoost=0, mNetworkRegistrationInfos=[NetworkRegistrationInfo{ domain=PS transportType=WLAN registrationState=UNKNOWN mInitialRegistrationState=UNKNOWN roamingType=NOT_ROAMING accessNetworkTechnology=UNKNOWN rejectCause=0 emergencyEnabled=false availableServices=[] cellIdentity=null voiceSpecificInfo=null dataSpecificInfo=null nrState=NONE rRplmn= isUsingCarrierAggregation=false}, NetworkRegistrationInfo{ domain=CS transportType=WWAN registrationState=UNKNOWN mInitialRegistrationState=UNKNOWN roamingType=NOT_ROAMING accessNetworkTechnology=UNKNOWN rejectCause=0 emergencyEnabled=false availableServices=[] cellIdentity=null voiceSpecificInfo=null dataSpecificInfo=null nrState=NONE rRplmn= isUsingCarrierAggregation=false}, NetworkRegistrationInfo{ domain=PS transportType=WWAN registrationState=UNKNOWN mInitialRegistrationState=UNKNOWN roamingType=NOT_ROAMING accessNetworkTechnology=UNKNOWN rejectCause=0 emergencyEnabled=false availableServices=[] cellIdentity=null voiceSpecificInfo=null dataSpecificInfo=null nrState=NONE rRplmn= isUsingCarrierAggregation=false}], mNrFrequencyRange=0, mOperatorAlphaLongRaw=Three.co.uk, mOperatorAlphaShortRaw=3, mIsDataRoamingFromRegistration=false, mIsIwlanPreferred=false}
08-02 00:04:31.366  2202  2202 D DNC-0   : onServiceStateChanged: [WWAN: UNKNOWN->UNKNOWN, UNKNOWN->UNKNOWN] [WLAN: UNKNOWN->UNKNOWN, UNKNOWN->UNKNOWN] . Evaluating network requests is not needed, evaluating existing data networks is not needed.
08-02 00:04:31.366  2202  2202 D NetworkTypeController: [0] LegacyState: process EVENT_BANDWIDTH_CHANGED
08-02 00:04:31.366  2202  2202 D NetworkTypeController: [0] Reset timers since NR is not allowed.
08-02 00:04:31.367  2202  2202 D NetworkTypeController: [0] DefaultState: process EVENT_BANDWIDTH_CHANGED
08-02 00:04:31.367  2202  2202 D GsmCdmaPhone: [0] Event BarringInfoChanged Received
08-02 00:04:31.370  2202  2202 D SST     : [0] SubscriptionListener.onSubscriptionInfoChanged
08-02 00:04:31.375  2202  2202 D Phone   : isImsRegistered =false
08-02 00:04:31.376  2202  2202 E PhoneSubInfoController: getLine1Number phone is null for Subscription:-1
08-02 00:04:31.390  2202  2202 D SST     : [0] updateSpnDisplayLegacy+
08-02 00:04:31.391  2202  2202 D SST     : [0] updateSpnDisplay: radio is off w/ showPlmn=true plmn=null
08-02 00:04:31.392  2202  2202 D SST     : [0] updateSpnDisplay: rawSpn =
08-02 00:04:31.393  2202  2202 D SST     : [0] updateSpnDisplayLegacy-
08-02 00:04:31.393  2202  2202 D EmergencyNumberTracker: ACTION_NETWORK_COUNTRY_CHANGED: PhoneId: 0 CountryIso: gb
08-02 00:04:31.396  2202  2202 D Phone   : isImsRegistered =false
08-02 00:04:31.397  2202  2202 E PhoneSubInfoController: getLine1Number phone is null for Subscription:-1
08-02 00:04:31.416  2202  2202 D LocaleTracker-0: updateLocale: countryIso = gb, countryIsoDebugInfo = OperatorNumeric(23420): MccTable.geoCountryCodeForMccMnc("MccMnc{mcc='234', mnc='20'}")
08-02 00:04:31.416  2202  2202 D LocaleTracker-0: updateLocale: timeZoneCountryIso = gb, timeZoneCountryIsoDebugInfo = OperatorNumeric(23420): MccTable.geoCountryCodeForMccMnc("MccMnc{mcc='234', mnc='20'}")
08-02 00:04:31.417  2202  2202 D NitzStateMachineImpl: handleCountryDetected: countryIsoCode=gb, mLatestNitzSignal=null
08-02 00:04:31.419  2202  2202 D NetworkTypeController: [0] LegacyState: process EVENT_DATA_RAT_CHANGED
08-02 00:04:31.419  2202  2202 D NetworkTypeController: [0] Reset timers since NR is not allowed.
08-02 00:04:31.419  2202  2202 D NetworkTypeController: [0] Reset timers since 2G and 3G don't need NR timers.
08-02 00:04:31.420  2202  2202 D GsmCdmaPhone: [0] onVoiceRegStateOrRatChanged
08-02 00:04:31.420  2202  2202 D GsmCdmaPhone: [0] getCsCallRadioTech, current vrs=3, vrat=0
08-02 00:04:31.420  2202  2202 D GsmCdmaPhone: [0] getCsCallRadioTech, result calcVrat=0
08-02 00:04:31.420  2202  2202 E CarrierActionAgent: [0]Unsupported action: 7
08-02 00:04:31.427  2202  2202 D UiccProfile: handleMessage: Received OPEN_LOGICAL_CHANNEL_DONE for phoneId 0
08-02 00:04:31.427  2202  2202 D UiccProfile: handleMessage: Error in SIM access with exception com.android.internal.telephony.CommandException: REQUEST_NOT_SUPPORTED
08-02 00:04:31.428  2202  2202 D PinStorage: SIM card/application changed[0]: PRESENT
08-02 00:04:31.428  2202  2202 D LocaleTracker-0: updateLocale: countryIso = gb, countryIsoDebugInfo = OperatorNumeric(23420): MccTable.geoCountryCodeForMccMnc("MccMnc{mcc='234', mnc='20'}")
08-02 00:04:31.428  2202  2202 D LocaleTracker-0: updateLocale: timeZoneCountryIso = gb, timeZoneCountryIsoDebugInfo = OperatorNumeric(23420): MccTable.geoCountryCodeForMccMnc("MccMnc{mcc='234', mnc='20'}")
08-02 00:04:31.428  2202  2202 D NitzStateMachineImpl: handleCountryDetected: countryIsoCode=gb, mLatestNitzSignal=null
08-02 00:04:31.429  2202  2202 D DNC-0   : onSimStateChanged: state=PRESENT
08-02 00:04:31.429  2202  2202 D TelephonyNetworkFactory[0]: onActivePhoneSwitch
08-02 00:04:31.431  2202  2202 D EmergencyNumberTracker: updateEmergencyNumberListDatabaseAndNotify(): receiving countryIso: gb
08-02 00:04:31.443  2202  2202 D EmergencyNumberTracker: gb asset emergency database is loaded. Ver: 1 Phone Id: 0
08-02 00:04:31.445  2202  2202 E EmergencyNumberTracker: Cache ota emergency database IOException: java.io.FileNotFoundException: /data/misc/emergencynumberdb/emergency_number_db: open failed: ENOENT (No such file or directory)
08-02 00:04:31.445  2202  2202 D EmergencyNumberTracker: Using Asset Emergency database. Version: 1
08-02 00:04:31.446  2202  2202 D SubscriptionController: [getSlotIndex]- subId invalid
08-02 00:04:31.447  2202  2202 D SubscriptionController: [getSlotIndex]- subId invalid
08-02 00:04:31.448  2202  2202 E EmergencyNumberTracker: getEmergencyNumberListFromEccListDatabaseAndTest: radio indication is unavailable in 1.4 HAL.
08-02 00:04:31.448  2202  2202 E EmergencyNumber: Found unexpected duplicate numbers: EmergencyNumber:Number-999|CountryIso-gb|Mnc-|ServiceCategories-111|Urns-[]|Sources-10000|Routing-0 vs EmergencyNumber:Number-999|CountryIso-gb|Mnc-|ServiceCategories-111|Urns-[]|Sources-10000|Routing-0
08-02 00:04:31.451  2202  2202 D SubscriptionController: [getSlotIndex]- subId invalid
08-02 00:04:31.451  2202  2202 D SubscriptionController: [getSlotIndex]- subId invalid
08-02 00:04:31.451  2202  2202 E EmergencyNumberTracker: getEmergencyNumberListFromEccListDatabaseAndTest: radio indication is unavailable in 1.4 HAL.
08-02 00:04:31.452  2202  2202 E EmergencyNumber: Found unexpected duplicate numbers: EmergencyNumber:Number-999|CountryIso-gb|Mnc-|ServiceCategories-111|Urns-[]|Sources-10000|Routing-0 vs EmergencyNumber:Number-999|CountryIso-gb|Mnc-|ServiceCategories-111|Urns-[]|Sources-10000|Routing-0
08-02 00:04:31.452  2202  2202 D SubscriptionController: [getSlotIndex]- subId invalid
08-02 00:04:31.452  2202  2202 D SubscriptionController: [getSlotIndex]- subId invalid
08-02 00:04:31.453  2202  2202 E EmergencyNumberTracker: getEmergencyNumberListFromEccListDatabaseAndTest: radio indication is unavailable in 1.4 HAL.
08-02 00:04:31.453  2202  2202 E EmergencyNumber: Found unexpected duplicate numbers: EmergencyNumber:Number-999|CountryIso-gb|Mnc-|ServiceCategories-111|Urns-[]|Sources-10000|Routing-0 vs EmergencyNumber:Number-999|CountryIso-gb|Mnc-|ServiceCategories-111|Urns-[]|Sources-10000|Routing-0
08-02 00:04:31.456  2202  2202 D EmergencyNumberTracker: notifyEmergencyNumberList(): notified
08-02 00:04:31.458  2202  2202 E PhoneSubInfoController: getLine1Number phone is null for Subscription:-1
08-02 00:04:31.672  2202  2202 D UiccPkcs15: Creating UiccPkcs15
08-02 00:04:31.672  2202  2202 D UiccProfile: iccOpenLogicalChannel: A000000063504B43532D3135 , 4 by pid:2202 uid:1001
08-02 00:04:31.675  2202  2202 D RILJ    : [0054]> SIM_OPEN_CHANNEL aid = A000000063504B43532D3135 p2 = 4 [PHONE0]
08-02 00:04:31.677  2202  2399 D RILJ    : [0054]< SIM_OPEN_CHANNEL error 6 [PHONE0]
08-02 00:04:31.678  2202  2399 D RilRequest: [0054]< SIM_OPEN_CHANNEL error: com.android.internal.telephony.CommandException: REQUEST_NOT_SUPPORTED ret= result={ when=-3m5s870ms what=8 obj={ when=-3m5s870ms what=201 target=com.android.internal.telephony.uicc.UiccPkcs15$Pkcs15Selector } target=com.android.internal.telephony.uicc.UiccProfile$4 }
08-02 00:04:31.679  2202  2202 D UiccProfile: handleMessage: Received OPEN_LOGICAL_CHANNEL_DONE for phoneId 0
08-02 00:04:31.679  2202  2202 D UiccProfile: handleMessage: Error in SIM access with exception com.android.internal.telephony.CommandException: REQUEST_NOT_SUPPORTED
08-02 00:04:31.680  2202  2202 D UiccPkcs15: handleMessage: 201
08-02 00:04:31.680  2202  2202 D UiccPkcs15: error: com.android.internal.telephony.CommandException: REQUEST_NOT_SUPPORTED
08-02 00:04:31.680  2202  2202 D UiccPkcs15: handleMessage: 1
08-02 00:04:31.681  2202  2202 D UiccPkcs15: select pkcs15 failed: com.android.internal.telephony.CommandException: REQUEST_NOT_SUPPORTED
08-02 00:04:31.681  2202  2202 D UiccProfile: handleMessage: Received CARRIER_PRIVILEGES_LOADED for phoneId 0
08-02 00:04:31.699  2202  2202 D UiccProfile: setExternalState: !override and newstate unchanged from NOT_READY
08-02 00:04:32.117  2202  2400 D SubscriptionController: [getSlotIndex]- subId invalid
08-02 00:04:32.381  2202  2426 E PhoneSubInfoController: getLine1Number phone is null for Subscription:-1
08-02 00:04:34.650  2202  2202 D SmsBroadcastUndelivered: Received broadcast android.intent.action.USER_UNLOCKED
08-02 00:04:34.682  2202  2202 D SmsDispatchersController: Received broadcast android.intent.action.USER_UNLOCKED
08-02 00:04:34.690  2202  2585 D SmsBroadcastUndelivered: scanning raw table for undelivered messages
08-02 00:04:35.175  2202  2202 D TelephonyNetworkFactory[0]: got request NetworkRequest [ REQUEST id=31, [ Capabilities: INTERNET&NOT_RESTRICTED&TRUSTED&NOT_VCN_MANAGED Uid: 1000 RequestorUid: 1000 RequestorPkg: android UnderlyingNetworks: Null] ]
08-02 00:04:35.180  2202  2202 D TelephonyNetworkFactory[0]: onNeedNetworkFor [NetworkRequest [ REQUEST id=31, [ Capabilities: INTERNET&NOT_RESTRICTED&TRUSTED&NOT_VCN_MANAGED Uid: 1000 RequestorUid: 1000 RequestorPkg: android UnderlyingNetworks: Null] ], mPriority=20, state=UNSATISFIED, mAttachedDataNetwork=null, isMetered=true, created time=00:04:35.177, evaluation result=null] shouldApply false
08-02 00:04:35.197  2202  2585 D SmsBroadcastUndelivered: finished scanning raw table in 506 ms
08-02 00:04:35.374  2202  2368 D SubscriptionController: [getSlotIndex]- subId invalid
08-02 00:04:35.404  2202  2202 D SubscriptionController: [getActiveSubscriptionInfo]- subId=-1 subList=[] subInfo=null
08-02 00:04:35.411  2202  2202 D DSMGR-0 : mIsDataEnabled=true, prevDataEnabled=false
08-02 00:04:35.411  2202  2202 D DSMGR-0 : notifyDataEnabledChanged: enabled=true, reason=UNKNOWN, callingPackage=com.android.phone
08-02 00:04:35.422  2202  2202 D DSRM-0  : onMobileDataEnabledChanged: DataEnabled:true,DataStalled:false
08-02 00:04:35.422  2202  2202 D DNC-0   : onDataEnabledChanged: enabled=true
08-02 00:04:35.425  2202  2202 D DNC-0   : Re-evaluating 0 unsatisfied network requests in 0 groups,  due to DATA_ENABLED_CHANGED
08-02 00:04:35.629  2202  2368 D SubscriptionController: [getSlotIndex]- subId invalid
08-02 00:04:36.156  2202  2202 D TelephonyNetworkFactory[0]: onReleaseNetworkFor [NetworkRequest [ REQUEST id=29, [ Capabilities: INTERNET&NOT_RESTRICTED&TRUSTED&NOT_VCN_MANAGED Uid: 1001 RequestorUid: 1001 RequestorPkg: com.android.phone UnderlyingNetworks: Null] ], mPriority=20, state=UNSATISFIED, mAttachedDataNetwork=null, isMetered=true, created time=00:04:36.154, evaluation result=null] applied false
08-02 00:04:39.929  2202  2398 D SubscriptionController: [getSlotIndex]- subId invalid
08-02 00:04:39.931  2202  2398 D SubscriptionController: [getSlotIndex]- subId invalid
08-02 00:04:58.404  2202  2202 D TelephonyNetworkFactory[0]: got request NetworkRequest [ REQUEST id=33, [ Capabilities: INTERNET&NOT_RESTRICTED&TRUSTED&NOT_VCN_MANAGED Uid: 10024 RequestorUid: 1000 RequestorPkg: android UnderlyingNetworks: Null] ]
08-02 00:04:58.407  2202  2202 D TelephonyNetworkFactory[0]: onNeedNetworkFor [NetworkRequest [ REQUEST id=33, [ Capabilities: INTERNET&NOT_RESTRICTED&TRUSTED&NOT_VCN_MANAGED Uid: 10024 RequestorUid: 1000 RequestorPkg: android UnderlyingNetworks: Null] ], mPriority=20, state=UNSATISFIED, mAttachedDataNetwork=null, isMetered=true, created time=00:04:58.405, evaluation result=null] shouldApply false
08-02 00:04:58.531  2202  2202 D TelephonyNetworkFactory[0]: got request NetworkRequest [ REQUEST id=35, [ Capabilities: INTERNET&NOT_RESTRICTED&TRUSTED&NOT_VCN_MANAGED Uid: 10024 RequestorUid: 10024 RequestorPkg: com.android.statementservice UnderlyingNetworks: Null] ]
08-02 00:04:58.533  2202  2202 D TelephonyNetworkFactory[0]: onNeedNetworkFor [NetworkRequest [ REQUEST id=35, [ Capabilities: INTERNET&NOT_RESTRICTED&TRUSTED&NOT_VCN_MANAGED Uid: 10024 RequestorUid: 10024 RequestorPkg: com.android.statementservice UnderlyingNetworks: Null] ], mPriority=20, state=UNSATISFIED, mAttachedDataNetwork=null, isMetered=true, created time=00:04:58.532, evaluation result=null] shouldApply false
08-02 00:31:25.872  2202  2202 D RILJ    : [0055]> GET_ACTIVITY_INFO [PHONE0]
08-02 00:31:25.881  2202  2236 D RILJ    : [0055]< GET_ACTIVITY_INFO ModemActivityInfo{ mTimestamp=1800073 mSleepTimeMs=0 mIdleTimeMs=0 mTxTimeMs[]=[0, 5, 10, 15, 20] mRxTimeMs=10} [PHONE0]
```
